error (module writeMps: write Free MPS): non-linear constraint in the model: at row 2; at 07_Variablenprodukte.cmpl:22.2-20
