warning (module interpret: remodeling): product of real optimization variables rx and ry can only be approximated; at 07a_Variablenprodukte-Native.cmpl:29.10-14
