error (module interpret: execution): assigment with indexed destination not implemented '<symbol_value>', at 'Absatzpreis'; at 09_Beispiel_Steglich.cmpl:15.3-13
error (module interpret: execution): assigment with indexed destination not implemented '<symbol_value>', at 'Stueckkosten'; at 09_Beispiel_Steglich.cmpl:18.3-14
error (module interpret: execution): assigment with indexed destination not implemented '<symbol_value>', at 'Kostensatz'; at 09_Beispiel_Steglich.cmpl:21.3-12
error (module interpret: execution): assigment with indexed destination not implemented '<symbol_value>', at 'A'; at 09_Beispiel_Steglich.cmpl:24.3
error (module interpret: execution): assigment with indexed destination not implemented '<symbol_value>', at 'B'; at 09_Beispiel_Steglich.cmpl:27.3
error (module interpret: execution): assigment with indexed destination not implemented '<symbol_value>', at 'TM'; at 09_Beispiel_Steglich.cmpl:30.3-4
error (module interpret: execution): assigment with indexed destination not implemented '<symbol_value>', at 'xMax'; at 09_Beispiel_Steglich.cmpl:33.3-6
error (module interpret: execution): assigment with indexed destination not implemented '<symbol_value>', at 'xniMax'; at 09_Beispiel_Steglich.cmpl:37.3-8
error (module interpret: execution): assigment with indexed destination not implemented '<symbol_value>', at 'tkni'; at 09_Beispiel_Steglich.cmpl:42.3-6
error (module interpret: execution): indexation not implemented '[1, ]'; at 09_Beispiel_Steglich.cmpl:64.24-27
error (module interpret: execution): indexation not implemented '[1, ]'; at 09_Beispiel_Steglich.cmpl:69.22-25
error (module interpret: execution): indexation not implemented '[2, ]'; at 09_Beispiel_Steglich.cmpl:64.24-27
error (module interpret: execution): re-assignment with indexation not implemented '<symbol_value>', at 'xni'; at 09_Beispiel_Steglich.cmpl:64.4-6
error (module interpret: execution): indexation not implemented '[2, ]'; at 09_Beispiel_Steglich.cmpl:69.22-25
error (module interpret: execution): re-assignment with indexation not implemented '<symbol_value>', at 'y'; at 09_Beispiel_Steglich.cmpl:69.4
error (module interpret: execution): argument for variable creation must be a data type '<f-lc:  + 10*<var#1> + 12*<var#2> + -1.3*<var#3> + -1.5*<var#5> + -1.3*<var#4> + -1.5*<var#6>>', at '+'; at 09_Beispiel_Steglich.cmpl:75.3-76.72
error (module interpret: execution): argument for variable creation must be a data type '<f-cmp: <f-lc:  + <var#1> + <var#2>> <= 40>', at '<='; at 09_Beispiel_Steglich.cmpl:81.3-19
error (module interpret: execution): argument for variable creation must be a data type '<f-cmp: <f-lc:  + 1.2*<var#1> + 1.8*<var#2>> <= 60>', at '<='; at 09_Beispiel_Steglich.cmpl:81.3-19
error (module interpret: execution): argument for variable creation must be a data type '<f-cmp: <f-lc:  + 1.4*<var#1> + 1.3*<var#2>> <= 70>', at '<='; at 09_Beispiel_Steglich.cmpl:81.3-19
error (module interpret: execution): end value for algorithmic set must be a scalar integer value '<predefined function 'dim'>', at 'dim'; at 09_Beispiel_Steglich.cmpl:86.25-27
error (module interpret: execution): indexation not implemented '[1, ]'; at 09_Beispiel_Steglich.cmpl:86.35-38
fatal error (module interpret: execution): internal error: unhandled function call '[1..140720631422320]'; at 09_Beispiel_Steglich.cmpl:86.21-27
