
CMPL version: 2.0.0 (alpha)
Authors: Thomas Schleiff, Mike Steglich
Distributed under the GPLv3 

CMPL: Compiling and interpreting Cmpl code
CMPL: Writing model instance to MPS file > 10_Beispiel_Rost.mps
