error (module interpret: execution): argument for variable creation must be a data type '<f-lc:  + 3*<f-vp: *<var#1>*<var#5>> + 8*<f-vp: *<var#1>*<var#6>> + 3*<f-vp: *<var#2>*<var#4>> + 3*<f-vp: *<var#2>*<var#6>> + 7*<f-vp: *<var#3>*<var#4>> + 3*<f-vp: *<var#3>*<var#5>> + 4*<f-vp: *<var#1>*<var#5>> + 11*<f-vp: *<var#1>*<var#9>> + 4*<f-vp: *<var#2>*<var#7>> + 4*<f-vp: *<var#2>*<var#9>> + 9*<f-vp: *<var#3>*<var#7>> + 4*<f-vp: *<var#3>*<var#7>> + 3*<f-vp: *<var#4>*<var#8>> + 3*<f-vp: *<var#4>*<var#8>> + 7*<f-vp: *<var#4>*<var#9>> + 3*<f-vp: *<var#5>*<var#7>> + 3*<f-vp: *<var#5>*<var#9>> + 8*<f-vp: *<var#6>*<var#7>> + 3*<f-vp: *<var#6>*<var#8>>>', at '+'; at 10_Beispiel_Rost.cmpl:19.2-22.47
error (module interpret: execution): argument for variable creation must be a data type '<f-cmp: <f-lc:  + <var#1> + <var#2> + <var#3>> = 1>', at '='; at 10_Beispiel_Rost.cmpl:26.2-20
error (module interpret: execution): expression without assignment cannot be used with modificator 'var' '<f-cmp: <f-lc:  + <var#4> + <var#5> + <var#6>> = 1>', at '='; at 10_Beispiel_Rost.cmpl:27.2-20
error (module interpret: execution): expression without assignment cannot be used with modificator 'var' '<f-cmp: <f-lc:  + <var#7> + <var#8> + <var#9>> = 1>', at '='; at 10_Beispiel_Rost.cmpl:28.2-20
error (module interpret: execution): expression without assignment cannot be used with modificator 'var' '<f-cmp: <f-lc:  + <var#1> + <var#4> + <var#7>> = 1>', at '='; at 10_Beispiel_Rost.cmpl:30.2-20
error (module interpret: execution): expression without assignment cannot be used with modificator 'var' '<f-cmp: <f-lc:  + <var#2> + <var#5> + <var#8>> = 1>', at '='; at 10_Beispiel_Rost.cmpl:31.2-20
error (module interpret: execution): expression without assignment cannot be used with modificator 'var' '<f-cmp: <f-lc:  + <var#3> + <var#6> + <var#9>> = 1>', at '='; at 10_Beispiel_Rost.cmpl:32.2-20
