fatal error (module solverCbc: run): CBC cannot solve a nonlinear model; at (internal)
