---------------------------------------------------------------------------------------------------------
Problem              24_test.cmpl
Nr. of variables     6
Nr. of constraints   9
Objective name       profit
Solver name          CBC
Display variables    (x*)
Display constraints  (all)
---------------------------------------------------------------------------------------------------------

Objective status     optimal
Objective value      4600 (max!)

Variables 
Name                 Type            Activity         Lower bound         Upper bound            Marginal
---------------------------------------------------------------------------------------------------------
x[1]                    C                   0                   0                 250                   -
x[2]                    C                62.5                   0                 240                   -
x[3]                    C                   0                   0                 250                   -
---------------------------------------------------------------------------------------------------------

Constraints 
Name                 Type            Activity         Lower bound         Upper bound            Marginal
---------------------------------------------------------------------------------------------------------
resaaaaaaaaa1[1]        L               937.5                -inf                1000                   -
resaaaaaaaaa1[2]        L                 625                -inf                1000                   -
resaaaaaaaaa1[3]        L                1000                -inf                1000                   -
line_8                  L                   0                -inf                   0                   -
line_9                  G                   0                   0                 inf                   -
line_10                 L               -17.5                -inf                   0                   -
line_11                 G               177.5                   0                 inf                   -
line_12                 L                   0                -inf                   0                   -
line_13                 G                   0                   0                 inf                   -
---------------------------------------------------------------------------------------------------------