error (module interpret: execution): assigment with indexed destination not implemented '<symbol_value>', at 's'; at 26_transportation.cmpl:8.2
error (module interpret: execution): assigment with indexed destination not implemented '<symbol_value>', at 'd'; at 26_transportation.cmpl:9.2
error (module interpret: execution): assigment with indexed destination not implemented '<symbol_value>', at 'c'; at 26_transportation.cmpl:11.2
