CMPL: Writing model instance to Free-MPS file > /var/tmp/tmp.1.YIhUCh.mps
