error (module interpret: execution): error while reading value of external data symbol 'm1': file error: cannot open file for input, in '33_Standardmodell-data1.cdat' line 0, at 'm1'; at 33_Standardmodell-data.cmpl:1.38-39, called from: command line:$1
error (module interpret: execution): assertion about data type failed; at 33_Standardmodell-data.cmpl:1.41-43, called from: command line:$1
error (module interpret: execution): error while reading value of external data symbol 'c': file error: cannot open file for input, in '33_Standardmodell-data1.cdat' line 0, at 'c'; at 33_Standardmodell-data.cmpl:1.47, called from: command line:$1
error (module interpret: execution): handling of tuple value not implemented '[ ]'; at 33_Standardmodell-data.cmpl:1.48-51, called from: command line:$1
error (module interpret: execution): assertion about array definition set failed; at 33_Standardmodell-data.cmpl:1.48-51, called from: command line:$1
error (module interpret: execution): error while reading value of external data symbol 'm2': file error: cannot open file for input, in '33_Standardmodell-data2.cdat' line 0, at 'm2'; at 33_Standardmodell-data.cmpl:2.38-39, called from: command line:$1
error (module interpret: execution): assertion about data type failed; at 33_Standardmodell-data.cmpl:2.41-43, called from: command line:$1
error (module interpret: execution): error while reading value of external data symbol 'n2': file error: cannot open file for input, in '33_Standardmodell-data2.cdat' line 0, at 'n2'; at 33_Standardmodell-data.cmpl:2.46-47, called from: command line:$1
error (module interpret: execution): assertion about data type failed; at 33_Standardmodell-data.cmpl:2.49-51, called from: command line:$1
error (module interpret: execution): error while reading value of external data symbol 'A': file error: cannot open file for input, in '33_Standardmodell-data2.cdat' line 0, at 'A'; at 33_Standardmodell-data.cmpl:2.55, called from: command line:$1
error (module interpret: execution): handling of tuple value not implemented '[ ,  ]'; at 33_Standardmodell-data.cmpl:2.56-62, called from: command line:$1
error (module interpret: execution): assertion about array definition set failed; at 33_Standardmodell-data.cmpl:2.56-62, called from: command line:$1
error (module interpret: execution): error while reading value of external data symbol 'b': file error: cannot open file for input, in '33_Standardmodell-data2.cdat' line 0, at 'b'; at 33_Standardmodell-data.cmpl:2.67, called from: command line:$1
error (module interpret: execution): handling of tuple value not implemented '[ ]'; at 33_Standardmodell-data.cmpl:2.69-72, called from: command line:$1
error (module interpret: execution): assertion about array definition set failed; at 33_Standardmodell-data.cmpl:2.69-72, called from: command line:$1
error (module interpret: execution): indexation not implemented '[1]'; at 33_Standardmodell-data.cmpl:9.24-26
error (module interpret: execution): indexation not implemented '[2]'; at 33_Standardmodell-data.cmpl:9.24-26
error (module interpret: execution): indexation not implemented '[3]'; at 33_Standardmodell-data.cmpl:9.24-26
error (module interpret: execution): indexation not implemented '<tuple_list>'; at 33_Standardmodell-data.cmpl:12.30-34
error (module interpret: execution): indexation not implemented '<tuple_list>'; at 33_Standardmodell-data.cmpl:12.30-34
error (module interpret: execution): indexation not implemented '<tuple_list>'; at 33_Standardmodell-data.cmpl:12.30-34
error (module interpret: execution): indexation not implemented '[1]'; at 33_Standardmodell-data.cmpl:12.48-50
error (module interpret: execution): indexation not implemented '<tuple_list>'; at 33_Standardmodell-data.cmpl:12.30-34
error (module interpret: execution): indexation not implemented '<tuple_list>'; at 33_Standardmodell-data.cmpl:12.30-34
error (module interpret: execution): indexation not implemented '<tuple_list>'; at 33_Standardmodell-data.cmpl:12.30-34
error (module interpret: execution): indexation not implemented '[2]'; at 33_Standardmodell-data.cmpl:12.48-50
