
CMPL version: 2.0.0 (alpha)
Authors: Thomas Schleiff, Mike Steglich
Distributed under the GPLv3 

CMPL: Compiling and interpreting Cmpl code
